C:\Users\kvmpa\Downloads\erp-management-system\erp-management-system\src\main\java\com\erp\management\entity\Inventory.java
C:\Users\kvmpa\Downloads\erp-management-system\erp-management-system\src\main\java\com\erp\management\repository\SupplierRepository.java
C:\Users\kvmpa\Downloads\erp-management-system\erp-management-system\src\main\java\com\erp\management\entity\Product.java
C:\Users\kvmpa\Downloads\erp-management-system\erp-management-system\src\main\java\com\erp\management\entity\Supplier.java
C:\Users\kvmpa\Downloads\erp-management-system\erp-management-system\src\main\java\com\erp\management\controller\ProductController.java
C:\Users\kvmpa\Downloads\erp-management-system\erp-management-system\src\main\java\com\erp\management\controller\SupplierController.java
C:\Users\kvmpa\Downloads\erp-management-system\erp-management-system\src\main\java\com\erp\management\service\ProductService.java
C:\Users\kvmpa\Downloads\erp-management-system\erp-management-system\src\main\java\com\erp\management\service\SupplierService.java
C:\Users\kvmpa\Downloads\erp-management-system\erp-management-system\src\main\java\com\erp\management\repository\UserRepository.java
C:\Users\kvmpa\Downloads\erp-management-system\erp-management-system\src\main\java\com\erp\management\service\UserService.java
C:\Users\kvmpa\Downloads\erp-management-system\erp-management-system\src\main\java\com\erp\management\ErpManagementSystemApplication.java
C:\Users\kvmpa\Downloads\erp-management-system\erp-management-system\src\main\java\com\erp\management\controller\InventoryController.java
C:\Users\kvmpa\Downloads\erp-management-system\erp-management-system\src\main\java\com\erp\management\repository\InventoryRepository.java
C:\Users\kvmpa\Downloads\erp-management-system\erp-management-system\src\main\java\com\erp\management\controller\UserController.java
C:\Users\kvmpa\Downloads\erp-management-system\erp-management-system\src\main\java\com\erp\management\service\InventoryService.java
C:\Users\kvmpa\Downloads\erp-management-system\erp-management-system\src\main\java\com\erp\management\entity\User.java
C:\Users\kvmpa\Downloads\erp-management-system\erp-management-system\src\main\java\com\erp\management\repository\ProductRepository.java
